
[1m[46m RUN [49m[22m [36mv3.2.4 [39m[90mD:/cicl[39m

node.exe : [90mstderr[2m | src/test/ArchivedCases.test.jsx[2m > [22m[2mDischarged Cases - Access via Navigation[2m > [22m[2mopens 
Discharged Cases from the navigation bar
At line:1 char:1
+ & "C:\Program Files\nodejs/node.exe" "C:\Program Files\nodejs/node_mo ...
+ ~~~~~~~~~~~~~~~~~~~~~~~~~~~~~~~~~~~~~~~~~~~~~~~~~~~~~~~~~~~~~~~~~~~~~
    + CategoryInfo          : NotSpecified: ([90mstderr[2m... navigation bar:String) [], RemoteException
    + FullyQualifiedErrorId : NativeCommandError
 
[22m[39mNo routes matched location "/dashboard" 

[90mstdout[2m | src/test/ArchivedCases.test.jsx[2m > [22m[2mDischarged Cases - Access via Navigation[2m > [22m[2mopens Discharged Cases from the navigation bar
[22m[39mArchivedCases: Real-time update triggered [33m1760968953460[39m

[90mstdout[2m | src/test/ArchivedCases.test.jsx[2m > [22m[2mDischarged Cases - View record[2m > [22m[2mnavigates to case details when clicking View Details
[22m[39mArchivedCases: Real-time update triggered [33m1760968953517[39m

[33m[39m[32m┬╖[39m[90mstdout[2m | src/test/ArchivedCases.test.jsx[2m > [22m[2mDischarged Cases - After Care status[2m > [22m[2mmoves case to After Care when action is clicked
[22m[39mArchivedCases: Real-time update triggered [33m1760968953685[39m

[33m[39m[32m┬╖[39m[90mstdout[2m | src/test/ArchivedCases.test.jsx[2m > [22m[2mDischarged Cases - Single case export actions[2m > [22m[2mexports a single discharged case to PDF
[22m[39mArchivedCases: Real-time update triggered [33m1760968953847[39m

[33m[39m[32m┬╖[39m[90mstdout[2m | src/test/ArchivedCases.test.jsx[2m > [22m[2mDischarged Cases - Single case export actions[2m > [22m[2mexports a single discharged case to Word
[22m[39mArchivedCases: Real-time update triggered [33m1760968954017[39m

[33m[39m[32m┬╖[39m[90mstdout[2m | src/test/ArchivedCases.test.jsx[2m > [22m[2mDischarged Cases - Single case export actions[2m > [22m[2mexports a single discharged case to CSV (Excel)
[22m[39mArchivedCases: Real-time update triggered [33m1760968954171[39m

[33m[39m[32m┬╖[39m[90mstdout[2m | src/test/ArchivedCases.test.jsx[2m > [22m[2mDischarged Cases - Export All[2m > [22m[2mexports all discharged cases to PDF
[22m[39mArchivedCases: Real-time update triggered [33m1760968954326[39m

[33m[39m[32m┬╖[39m[90mstdout[2m | src/test/ArchivedCases.test.jsx[2m > [22m[2mDischarged Cases - Export All[2m > [22m[2mexports all discharged cases to PDF with complete details
[22m[39mArchivedCases: Real-time update triggered [33m1760968954499[39m

[33m[39m[32m┬╖[39m[90mstdout[2m | src/test/ArchivedCases.test.jsx[2m > [22m[2mDischarged Cases - Export All[2m > [22m[2mexports all discharged cases to Word
[22m[39mArchivedCases: Real-time update triggered [33m1760968954669[39m
Starting consolidated Word export for archived cases...

[90mstdout[2m | src/test/ArchivedCases.test.jsx[2m > [22m[2mDischarged Cases - Export All[2m > [22m[2mexports all discharged cases to Word
[22m[39mArchived cases summary Word exported successfully

[33m[39m[32m┬╖[39m[90mstdout[2m | src/test/ArchivedCases.test.jsx[2m > [22m[2mDischarged Cases - Export All[2m > [22m[2mexports all discharged cases to CSV (Excel)
[22m[39mArchivedCases: Real-time update triggered [33m1760968954825[39m
Starting CSV export for all archived cases...

[90mstdout[2m | src/test/ArchivedCases.test.jsx[2m > [22m[2mDischarged Cases - Export All[2m > [22m[2mexports all discharged cases to CSV (Excel)
[22m[39mAll archived cases exported to CSV successfully

[33m[39m[32m┬╖[39m[33m[39m[32m┬╖[39m

[2m Test Files [22m [1m[32m1 passed[39m[22m[90m (1)[39m
[2m      Tests [22m [1m[32m10 passed[39m[22m[90m (10)[39m
[2m   Start at [22m 22:02:32
[2m   Duration [22m 2.93s[2m (transform 122ms, setup 337ms, collect 164ms, tests 1.60s, environment 475ms, prepare 68ms)[22m

